$ expo export --platform web
Starting Metro Bundler

Static rendering is enabled. Learn more: https://docs.expo.dev/router/web/static-rendering/
| (node:3928346) Warning: The 'NO_COLOR' env is ignored due to the 'FORCE_COLOR' env being set.
| (Use `node --trace-warnings ...` to show where the warning was created)
| (node:3928346) Warning: The 'NO_COLOR' env is ignored due to the 'FORCE_COLOR' env being set.
| (Use `node --trace-warnings ...` to show where the warning was created)
 WARN  Attempted to import the module "/home/nate/Oxy/examples/.worktrees/1519-final-sdk-adoption-20261003/expo-sign-in-with-oxy/node_modules/@noble/hashes/crypto.js" which is not listed in the "exports" of "/home/nate/Oxy/examples/.worktrees/1519-final-sdk-adoption-20261003/expo-sign-in-with-oxy/node_modules/@noble/hashes" under the requested subpath "./crypto.js". Falling back to file-based resolution. Consider updating the call site or asking the package maintainer(s) to expose this API.
λ Bundled 2229ms node_modules/@expo/router-server/node/render.js (2738 modules)
Web Bundled 2563ms node_modules/expo-router/entry.js (2001 modules)

› web bundles (76):
_expo/static/js/web/__common-c3e99c7f8ddef8c1e0c1874d39204784.js (80KB)
_expo/static/js/web/__expo-metro-runtime-1f8f5d3ca6b7f58204d51e14506d73fb.js (3.8KB)
_expo/static/js/web/AccountMembersScreen-072b07e578dbef78c21b1c609432f58f.js (10KB)
_expo/static/js/web/AccountSettingsScreen-1c72b1127b883167d423d4ecb4fb279c.js (6KB)
_expo/static/js/web/AccountVerificationScreen-d095ca14c292e3f25a8047be6d766570.js (7.3KB)
_expo/static/js/web/AppInfoScreen-1ec3285bd6530738409e766cc1373641.js (12KB)
_expo/static/js/web/ar-deb832e57a94368f902a3f81a2f0a863.js (178KB)
_expo/static/js/web/ar-SA-7c61840a2c399db7b9e44e9190ff15bf.js (35KB)
_expo/static/js/web/AvatarCropScreen-399d22401fad59162c9b29020cce635b.js (21KB)
_expo/static/js/web/bn-54bd267395aa0a5d4d19c5562937d0fd.js (173KB)
_expo/static/js/web/ca-18501b3e369c89334ab1cd900203cab4.js (67KB)
_expo/static/js/web/ca-ES-4646fba1474307ba326b6837181da4cb.js (13KB)
_expo/static/js/web/ChangeAvatarScreen-61c560763a366b4717dd0230a3e72909.js (4.4KB)
_expo/static/js/web/ConnectedAppsScreen-3554b3de70d747d7f491ca79674784d7.js (3.1KB)
_expo/static/js/web/CreateAccountScreen-2d630e680c942dadc832049ac29b054b.js (7.5KB)
_expo/static/js/web/de-b2677cf92cc2081b03b06302d059fbd8.js (66KB)
_expo/static/js/web/de-DE-60129dfb63d852302bfaff5cf6116573.js (14KB)
_expo/static/js/web/DeleteAccountScreen-6584a90617850c3313191283b8808459.js (352B)
_expo/static/js/web/DomainsScreen-1eb21ed4db085e4c7c364f7c22193dd4.js (4.4KB)
_expo/static/js/web/EditProfileFieldScreen-b75015bf7481af7de5ea1babed92525a.js (31KB)
_expo/static/js/web/EditProfileScreen-fb66e076038005c7924f890262a9385b.js (3.5KB)
_expo/static/js/web/empty-module-6dfb7319bf7a376f62618928ea7af097.js (39B)
_expo/static/js/web/entry-18b1c4f826a73081bfd811436f3d4ae7.js (4.3MB)
_expo/static/js/web/es-ES-6d9afe6faa28c0116ec8edcda3e37d65.js (67KB)
_expo/static/js/web/es-f854e9682e0bfe8b2f7accea26daca55.js (67KB)
_expo/static/js/web/FileManagementScreen-31c573f4f22a64060cd1a8a00fd4a97e.js (100KB)
_expo/static/js/web/FollowersListScreen-08bad276b59bc53353cfcfd19e97c9d4.js (301B)
_expo/static/js/web/FollowingListScreen-05c61b9c12b0c6cad74539f90b5ea141.js (301B)
_expo/static/js/web/fr-eaa36b9a7add6feb5151ad47a62dd9fa.js (70KB)
_expo/static/js/web/fr-FR-daac1d3d128ec9ff0e5b77114e807d92.js (14KB)
_expo/static/js/web/HelpSupportScreen-c22768cd609f16753e48cb365748724d.js (2.9KB)
_expo/static/js/web/hi-815a7344e0f343302a99acc631330a61.js (168KB)
_expo/static/js/web/HistoryViewScreen-645049e7f3f9fd44f404575cb3487ccf.js (3.9KB)
_expo/static/js/web/id-219c3170c7db42f404c2c042a4baa155.js (61KB)
_expo/static/js/web/ImagePicker-5acf7cbc099a26b188743df1e7e30a9e.js (8.6KB)
_expo/static/js/web/index-24e310756d15a9195c1cc652d9b7fcd2.js (4KB)
_expo/static/js/web/index-2ff67425e75c42749db4d980dcfddaf9.js (54KB)
_expo/static/js/web/index-4050858de84dd4f286c4443ee3270ee5.js (2.1KB)
_expo/static/js/web/index-78e67a50ea4ae383401d8ad56da21eec.js (13KB)
_expo/static/js/web/index-852e02b2eb07652ffd733746fc87c9ee.js (12KB)
_expo/static/js/web/internal-17440fc03eff5b03d9d2b25caed64cde.js (2.4KB)
_expo/static/js/web/it-84075d69b4808b873401045585ead021.js (65KB)
_expo/static/js/web/it-IT-aa26feecd90b1aaf8f490b3f58944308.js (13KB)
_expo/static/js/web/ja-3dbdf87cdb7e052e37e55d34a3135793.js (104KB)
_expo/static/js/web/ja-JP-90ccdac167f6607ac6257ee578e67483.js (26KB)
_expo/static/js/web/ko-KR-b04b73c501dc0426cc5db3e514d90f1e.js (21KB)
_expo/static/js/web/LanguageSelectorScreen-3aae8c2ae887261b579b6575ce570555.js (3.6KB)
_expo/static/js/web/LearnMoreUsernamesScreen-228a2f5749c87def4ef9c55e269aa0cc.js (4.7KB)
_expo/static/js/web/LegalDocumentsScreen-c708632d8dcd23f3adb3eab1e3118254.js (4.4KB)
_expo/static/js/web/LinkCommonsScreen-0977b46195c6392e841f6f4cffdc35e9.js (317B)
_expo/static/js/web/ManageAccountScreen-9585d9aa73e6f6b83c01a8a0308b5fbf.js (22KB)
_expo/static/js/web/NotificationsScreen-71c7ea36d447b4b620f208424430a8b9.js (3.2KB)
_expo/static/js/web/OxyAccountDialogScreen-1f5607081758f3ae0d66d8440d7176b7.js (43KB)
_expo/static/js/web/PaymentGatewayScreen-e829dff87716041205566a6ffc81b90b.js (29KB)
_expo/static/js/web/PreferencesScreen-c57d1352e2c7e1e5c476d119ecc9eec8.js (3.4KB)
_expo/static/js/web/PrivacySettingsScreen-4c90f7195ae26be6eeddaf251ac62592.js (12KB)
_expo/static/js/web/ProfileScreen-95810c6f9d4becf01f8c983a918b3ff7.js (8.3KB)
_expo/static/js/web/pt-12413a314e8f859cf0dcc8de0702b586.js (67KB)
_expo/static/js/web/pt-PT-de8bee1a42f2bf3a26d52c63cd02594f.js (14KB)
_expo/static/js/web/ru-d968a2d28187aa6ae68980e79bd355db.js (199KB)
_expo/static/js/web/SearchSettingsScreen-442664a3f72c0dfc8ed340c1f92bc34e.js (2.5KB)
_expo/static/js/web/SecureStore-f2985010dc02824c840e7bce680311b0.js (2.4KB)
_expo/static/js/web/SignInAuthenticatorScreen-87413e61ff0392df5854edc1a11b650b.js (319B)
_expo/static/js/web/SignInPasswordScreen-269414b490775a4e9bc0690ace495530.js (359B)
_expo/static/js/web/tr-1c9ffe2793bf63439e23de55aa70074d.js (71KB)
_expo/static/js/web/TrustAboutScreen-7939b342039f7f68a23555ef759a5528.js (4.9KB)
_expo/static/js/web/TrustCenterScreen-9247c8bf6eb8e99c0fd3f2039a44ebd5.js (4.4KB)
_expo/static/js/web/TrustFAQScreen-05b70d3e30968b32e97d5cfa964e24a4.js (1.8KB)
_expo/static/js/web/TrustLeaderboardScreen-248fde1dcbb2ea228103fe0f14965a6a.js (4.3KB)
_expo/static/js/web/TrustRewardsScreen-3f7a584cc8f35d0e456502b67d1b79e9.js (9.4KB)
_expo/static/js/web/TrustRulesScreen-9d572ee0899b71f4c6443fd4385dc276.js (2.2KB)
_expo/static/js/web/UserLinksScreen-6b3a9bd6c3fdfd2d25e5328b9ee0a38d.js (1.1KB)
_expo/static/js/web/WebBrowser-a29da80e19417fa5d9428631dc6abb51.js (8.3KB)
_expo/static/js/web/WelcomeNewUserScreen-7fc11dbb103fcf4375dfb2076cf28aac.js (8.7KB)
_expo/static/js/web/zh-8b680c5800782df29c4d80aa1caca90f.js (81KB)
_expo/static/js/web/zh-CN-8dcf9fbf5d0a94485578ef0f3cf29030.js (18KB)

› Static routes (3):
/ (index) (25KB)
/_sitemap (24KB)
/+not-found (24KB)

Exported: dist
