$ expo export --platform web
Starting Metro Bundler

Static rendering is enabled. Learn more: https://docs.expo.dev/router/web/static-rendering/
| (node:3918075) Warning: The 'NO_COLOR' env is ignored due to the 'FORCE_COLOR' env being set.
| (Use `node --trace-warnings ...` to show where the warning was created)
 WARN  Attempted to import the module "/home/nate/Oxy/examples/.worktrees/1519-final-sdk-adoption-20261003/expo-sign-in-with-oxy/node_modules/@noble/hashes/crypto.js" which is not listed in the "exports" of "/home/nate/Oxy/examples/.worktrees/1519-final-sdk-adoption-20261003/expo-sign-in-with-oxy/node_modules/@noble/hashes" under the requested subpath "./crypto.js". Falling back to file-based resolution. Consider updating the call site or asking the package maintainer(s) to expose this API.
| (node:3918075) Warning: The 'NO_COLOR' env is ignored due to the 'FORCE_COLOR' env being set.
| (Use `node --trace-warnings ...` to show where the warning was created)
λ Bundling failed 2033ms node_modules/@expo/router-server/node/render.js (2725 modules)
Error: Unexpected end of MessagePack data
Error: Unexpected end of MessagePack data
    at read (/home/nate/Oxy/examples/.worktrees/1519-final-sdk-adoption-20261003/expo-sign-in-with-oxy/node_modules/msgpackr/dist/node.cjs:489:18)
    at checkedRead (/home/nate/Oxy/examples/.worktrees/1519-final-sdk-adoption-20261003/expo-sign-in-with-oxy/node_modules/msgpackr/dist/node.cjs:189:13)
    at Packr.unpack (/home/nate/Oxy/examples/.worktrees/1519-final-sdk-adoption-20261003/expo-sign-in-with-oxy/node_modules/msgpackr/dist/node.cjs:99:12)
    at Packr.decode (/home/nate/Oxy/examples/.worktrees/1519-final-sdk-adoption-20261003/expo-sign-in-with-oxy/node_modules/msgpackr/dist/node.cjs:171:15)
    at BinaryFileStore.get (/home/nate/Oxy/examples/.worktrees/1519-final-sdk-adoption-20261003/expo-sign-in-with-oxy/node_modules/@expo/metro-config/build/binary-file-store.js:52:28)
    at async Cache.get (/home/nate/Oxy/examples/.worktrees/1519-final-sdk-adoption-20261003/expo-sign-in-with-oxy/node_modules/metro-cache/src/Cache.js:31:19)
    at async Transformer.transformFile (/home/nate/Oxy/examples/.worktrees/1519-final-sdk-adoption-20261003/expo-sign-in-with-oxy/node_modules/metro/src/DeltaBundler/Transformer.js:111:16)
    at async bundler.transformFile (/home/nate/Oxy/examples/.worktrees/1519-final-sdk-adoption-20261003/expo-sign-in-with-oxy/node_modules/@expo/metro-config/build/serializer/packedMap.js:172:41)
    at async Object.transform (/home/nate/Oxy/examples/.worktrees/1519-final-sdk-adoption-20261003/expo-sign-in-with-oxy/node_modules/metro/src/lib/transformHelpers.js:139:12)
    at async transform (/home/nate/Oxy/examples/.worktrees/1519-final-sdk-adoption-20261003/expo-sign-in-with-oxy/node_modules/metro/src/DeltaBundler/Graph.js:176:26)
    at async visit (/home/nate/Oxy/examples/.worktrees/1519-final-sdk-adoption-20261003/expo-sign-in-with-oxy/node_modules/metro/src/DeltaBundler/buildSubgraph.js:80:29)
    at async Promise.all (index 0)
    at async visit (/home/nate/Oxy/examples/.worktrees/1519-final-sdk-adoption-20261003/expo-sign-in-with-oxy/node_modules/metro/src/DeltaBundler/buildSubgraph.js:90:5)
    at async Promise.all (index 0)
    at async visit (/home/nate/Oxy/examples/.worktrees/1519-final-sdk-adoption-20261003/expo-sign-in-with-oxy/node_modules/metro/src/DeltaBundler/buildSubgraph.js:90:5)
    at async Promise.all (index 1)
    at async visit (/home/nate/Oxy/examples/.worktrees/1519-final-sdk-adoption-20261003/expo-sign-in-with-oxy/node_modules/metro/src/DeltaBundler/buildSubgraph.js:90:5)
    at async Promise.all (index 0)
    at async visit (/home/nate/Oxy/examples/.worktrees/1519-final-sdk-adoption-20261003/expo-sign-in-with-oxy/node_modules/metro/src/DeltaBundler/buildSubgraph.js:90:5)
    at async Promise.all (index 0)
    at async visit (/home/nate/Oxy/examples/.worktrees/1519-final-sdk-adoption-20261003/expo-sign-in-with-oxy/node_modules/metro/src/DeltaBundler/buildSubgraph.js:90:5)
    at async Promise.all (index 1)
    at async visit (/home/nate/Oxy/examples/.worktrees/1519-final-sdk-adoption-20261003/expo-sign-in-with-oxy/node_modules/metro/src/DeltaBundler/buildSubgraph.js:90:5)
    at async Promise.all (index 0)
    at async visit (/home/nate/Oxy/examples/.worktrees/1519-final-sdk-adoption-20261003/expo-sign-in-with-oxy/node_modules/metro/src/DeltaBundler/buildSubgraph.js:90:5)
    at async Promise.all (index 0)
    at async visit (/home/nate/Oxy/examples/.worktrees/1519-final-sdk-adoption-20261003/expo-sign-in-with-oxy/node_modules/metro/src/DeltaBundler/buildSubgraph.js:90:5)
    at async Promise.all (index 0)
    at async visit (/home/nate/Oxy/examples/.worktrees/1519-final-sdk-adoption-20261003/expo-sign-in-with-oxy/node_modules/metro/src/DeltaBundler/buildSubgraph.js:90:5)
    at async Promise.all (index 10)
    at async visit (/home/nate/Oxy/examples/.worktrees/1519-final-sdk-adoption-20261003/expo-sign-in-with-oxy/node_modules/metro/src/DeltaBundler/buildSubgraph.js:90:5)
    at async Promise.all (index 1)
    at async visit (/home/nate/Oxy/examples/.worktrees/1519-final-sdk-adoption-20261003/expo-sign-in-with-oxy/node_modules/metro/src/DeltaBundler/buildSubgraph.js:90:5)
    at async Promise.all (index 3)
    at async visit (/home/nate/Oxy/examples/.worktrees/1519-final-sdk-adoption-20261003/expo-sign-in-with-oxy/node_modules/metro/src/DeltaBundler/buildSubgraph.js:90:5)
    at async Promise.all (index 0)
    at async visit (/home/nate/Oxy/examples/.worktrees/1519-final-sdk-adoption-20261003/expo-sign-in-with-oxy/node_modules/metro/src/DeltaBundler/buildSubgraph.js:90:5)
    at async Promise.all (index 0)
    at async buildSubgraph (/home/nate/Oxy/examples/.worktrees/1519-final-sdk-adoption-20261003/expo-sign-in-with-oxy/node_modules/metro/src/DeltaBundler/buildSubgraph.js:105:3)
    at async Graph._buildDelta (/home/nate/Oxy/examples/.worktrees/1519-final-sdk-adoption-20261003/expo-sign-in-with-oxy/node_modules/metro/src/DeltaBundler/Graph.js:163:22)
    at async Graph.initialTraverseDependencies (/home/nate/Oxy/examples/.worktrees/1519-final-sdk-adoption-20261003/expo-sign-in-with-oxy/node_modules/metro/src/DeltaBundler/Graph.js:146:19)
    at async DeltaCalculator._getChangedDependencies (/home/nate/Oxy/examples/.worktrees/1519-final-sdk-adoption-20261003/expo-sign-in-with-oxy/node_modules/metro/src/DeltaBundler/DeltaCalculator.js:164:25)
    at async DeltaCalculator.getDelta (/home/nate/Oxy/examples/.worktrees/1519-final-sdk-adoption-20261003/expo-sign-in-with-oxy/node_modules/metro/src/DeltaBundler/DeltaCalculator.js:74:16)
    at async DeltaBundler.buildGraph (/home/nate/Oxy/examples/.worktrees/1519-final-sdk-adoption-20261003/expo-sign-in-with-oxy/node_modules/metro/src/DeltaBundler.js:42:5)
    at async IncrementalBundler.buildGraphForEntries (/home/nate/Oxy/examples/.worktrees/1519-final-sdk-adoption-20261003/expo-sign-in-with-oxy/node_modules/metro/src/IncrementalBundler.js:94:19)
    at async IncrementalBundler.buildGraph (/home/nate/Oxy/examples/.worktrees/1519-final-sdk-adoption-20261003/expo-sign-in-with-oxy/node_modules/metro/src/IncrementalBundler.js:178:19)
    at async /home/nate/Oxy/examples/.worktrees/1519-final-sdk-adoption-20261003/expo-sign-in-with-oxy/node_modules/metro/src/IncrementalBundler.js:216:34
    at async IncrementalBundler.initializeGraph (/home/nate/Oxy/examples/.worktrees/1519-final-sdk-adoption-20261003/expo-sign-in-with-oxy/node_modules/metro/src/IncrementalBundler.js:233:24)
    at async MetroBundlerDevServer._bundleDirectAsync (/home/nate/Oxy/examples/.worktrees/1519-final-sdk-adoption-20261003/expo-sign-in-with-oxy/node_modules/@expo/cli/build/src/start/server/metro/MetroBundlerDevServer.js:1575:35)
    at async MetroBundlerDevServer.metroLoadModuleContents (/home/nate/Oxy/examples/.worktrees/1519-final-sdk-adoption-20261003/expo-sign-in-with-oxy/node_modules/@expo/cli/build/src/start/server/metro/MetroBundlerDevServer.js:654:25)
error: script "build" exited with code 1
