bun install v1.4.2 (744846f84)
Resolving dependencies
Resolved, downloaded and extracted [96]
warn: incorrect peer dependency "@tanstack/react-query@5.100.14"
Saved lockfile

+ @types/react@19.2.15
+ typescript@5.9.3
+ @expo/vector-icons@15.1.1
+ @oxy.so/bloom@6.2.1
+ @oxy.so/contracts@/home/nate/Oxy/.agent-evidence/i04-consumer-final-candidate-packs/oxy.so-contracts-4.9.0.tgz
+ @oxy.so/core@/home/nate/Oxy/.agent-evidence/i04-consumer-final-candidate-packs/oxy.so-core-4.2.0.tgz
+ @oxy.so/services@/home/nate/Oxy/.agent-evidence/i04-consumer-final-candidate-packs/oxy.so-services-11.1.0.tgz
+ @react-native-async-storage/async-storage@2.2.0 (v3.1.1 available)
+ @react-native-community/netinfo@11.5.2 (v12.0.1 available)
+ @react-navigation/native@7.2.4
+ @tanstack/query-async-storage-persister@5.101.0 (v5.104.1 available)
+ @tanstack/query-sync-storage-persister@5.104.1
+ @tanstack/react-query@5.100.14 (v5.104.1 available)
+ @tanstack/react-query-persist-client@5.101.0 (v5.104.1 available)
+ expo@56.0.4 (v57.0.26 available)
+ expo-clipboard@56.0.4 (v57.0.2 available)
+ expo-constants@56.0.15 (v57.0.20 available)
+ expo-crypto@56.0.3
+ expo-document-picker@56.0.4
+ expo-font@56.0.5
+ expo-haptics@56.0.3
+ expo-image@56.0.9 (v57.0.5 available)
+ expo-image-manipulator@56.0.14
+ expo-image-picker@56.0.25 (v57.0.20 available)
+ expo-linear-gradient@56.0.4
+ expo-linking@56.0.11
+ expo-notifications@56.0.26 (v57.0.21 available)
+ expo-router@56.2.6
+ expo-splash-screen@56.0.10
+ expo-status-bar@56.0.4
+ expo-system-ui@56.0.5
+ expo-web-browser@56.0.5
+ react@19.2.0
+ react-dom@19.2.0
+ react-native@0.85.3
+ react-native-css@3.0.7
+ react-native-gesture-handler@2.31.2 (v3.3.0 available)
+ react-native-keyboard-controller@1.21.6
+ react-native-qrcode-svg@6.3.21 (v6.3.26 available)
+ react-native-reanimated@4.3.1
+ react-native-safe-area-context@5.7.0 (v5.10.1 available)
+ react-native-screens@4.25.1
+ react-native-svg@15.15.4
+ react-native-web@0.21.2
+ react-native-worklets@0.8.3 (v0.13.0 available)
+ socket.io-client@4.8.3 (v4.8.4 available)
+ zustand@5.0.13 (v5.0.15 available)

719 packages installed [4.16s]
Removed: 3
