bun install v1.4.2 (744846f84)
Resolving dependencies
Resolved, downloaded and extracted [17]
Saved lockfile

+ @types/react@19.2.15
+ @types/react-dom@19.2.3
+ @vitejs/plugin-react@4.7.0
+ typescript@5.9.3
+ vite@7.3.3
+ @expo/vector-icons@15.1.1
+ @oxy.so/bloom@6.2.1
+ @oxy.so/contracts@4.9.0
+ @oxy.so/core@4.2.0
+ @oxy.so/services@11.1.0
+ @react-native-async-storage/async-storage@2.2.0
+ @react-native-community/netinfo@11.5.2
+ @tanstack/query-async-storage-persister@5.104.1
+ @tanstack/query-sync-storage-persister@5.101.0
+ @tanstack/react-query@5.104.1
+ @tanstack/react-query-persist-client@5.101.0
+ expo@56.0.23
+ expo-clipboard@56.0.4
+ expo-constants@56.0.27
+ expo-crypto@56.0.5
+ expo-document-picker@56.0.4
+ expo-file-system@56.0.11
+ expo-font@56.0.7
+ expo-haptics@56.0.3
+ expo-image@56.0.13
+ expo-image-manipulator@56.0.26
+ expo-image-picker@56.0.25
+ expo-linear-gradient@56.0.4
+ expo-notifications@56.0.26
+ expo-web-browser@56.0.6
+ react@19.2.0
+ react-dom@19.2.0
+ react-native@0.85.3
+ react-native-css@3.0.7
+ react-native-gesture-handler@2.31.2
+ react-native-qrcode-svg@6.3.26
+ react-native-reanimated@4.3.1
+ react-native-safe-area-context@5.7.0
+ react-native-svg@15.15.4
+ react-native-web@0.21.2
+ react-native-worklets@0.8.3
+ zustand@5.0.13

710 packages installed [2.08s]
