$ tsc -b && vite build
vite v7.3.3 building client environment for production...
transforming...
[plugin vite:resolve] Module "node:crypto" has been externalized for browser compatibility, imported by "/home/nate/Oxy/examples/.worktrees/1519-final-registry-20261004/vite-react-oxy/node_modules/@oxy.so/protocol/dist/esm/platform/crypto.js". See https://vite.dev/guide/troubleshooting.html#module-externalized-for-browser-compatibility for more details.
✓ 2105 modules transformed.
node_modules/expo-modules-core/src/uuid/index.web.ts (13:24): Use of eval in "node_modules/expo-modules-core/src/uuid/index.web.ts" is strongly discouraged as it poses security risks and may cause issues with minification.
rendering chunks...
computing gzip size...
dist/index.html                                                 0.42 kB │ gzip:   0.29 kB
dist/assets/OxyServicesMaterialCommunityIcons-DVHLYwp4.ttf     28.85 kB
dist/assets/JetBrainsMono-Variable-B9CIFXIH.woff2              40.40 kB
dist/assets/OxyServicesIonicons-B1hZ8Dc8.ttf                   43.00 kB
dist/assets/slide-4-DSNFt0xP.jpg                               46.64 kB
dist/assets/InterVariable-Dx4kXJAl.woff2                       48.26 kB
dist/assets/slide-3-Bp5gr1Be.jpg                               59.19 kB
dist/assets/BlomusModernus-Bold-0E_Y-ihB.woff2                 77.61 kB
dist/assets/BlomusModernus-Regular-kZR3rHS0.woff2              77.64 kB
dist/assets/slide-2-BAN8I4Iy.jpg                               87.91 kB
dist/assets/slide-1-CPYeLD4l.jpg                              102.17 kB
dist/assets/index-DYHynj3q.css                                  1.49 kB │ gzip:   0.71 kB
dist/assets/__vite-browser-external-BIHI7g3E.js                 0.03 kB │ gzip:   0.05 kB
dist/assets/SharedRef-sjBLPq_a.js                               0.05 kB │ gzip:   0.07 kB
dist/assets/trustTierLabels-CWke-yT5.js                         0.13 kB │ gzip:   0.13 kB
dist/assets/Ionicons-kOg8iPzI.js                                0.17 kB │ gzip:   0.15 kB
dist/assets/LinkCommonsScreen-CvOnve3g.js                       0.18 kB │ gzip:   0.17 kB
dist/assets/SignInAuthenticatorScreen-BWw69kiN.js               0.18 kB │ gzip:   0.17 kB
dist/assets/SurfaceHeaderAction-D8-bYcQC.js                     0.18 kB │ gzip:   0.16 kB
dist/assets/SignInPasswordScreen-CSpA4GwL.js                    0.22 kB │ gzip:   0.20 kB
dist/assets/AccountSecurityPanelScreen-M_YmmmX3.js              0.22 kB │ gzip:   0.20 kB
dist/assets/FollowersListScreen-BT95dhjK.js                     0.29 kB │ gzip:   0.23 kB
dist/assets/FollowingListScreen-dqGnm9Ai.js                     0.29 kB │ gzip:   0.23 kB
dist/assets/version-Bczodc9Z.js                                 0.33 kB │ gzip:   0.24 kB
dist/assets/useReduceMotion-DW2y0LyQ.js                         0.38 kB │ gzip:   0.29 kB
dist/assets/SettingsIcon-CjeFGYz5.js                            0.43 kB │ gzip:   0.32 kB
dist/assets/RiListUnordered-CTUM6cN9.js                         0.51 kB │ gzip:   0.28 kB
dist/assets/mutationKeys-DPMK5XXq.js                            0.53 kB │ gzip:   0.20 kB
dist/assets/useServicesQueries-Be01K23r.js                      0.59 kB │ gzip:   0.35 kB
dist/assets/useSettingToggle-t4UQGRWA.js                        0.66 kB │ gzip:   0.45 kB
dist/assets/colorUtils-TKs8VHfH.js                              0.78 kB │ gzip:   0.25 kB
dist/assets/UserLinksScreen-LIGmW-Wi.js                         0.84 kB │ gzip:   0.50 kB
dist/assets/plural-BqYb_7jL.js                                  0.88 kB │ gzip:   0.52 kB
dist/assets/ProfileSummaryCard-BktzbIC0.js                      0.95 kB │ gzip:   0.56 kB
dist/assets/message-helpers-LuqNVoon.js                         0.97 kB │ gzip:   0.51 kB
dist/assets/AvatarCameraBadge-TG3HxV46.js                       1.09 kB │ gzip:   0.67 kB
dist/assets/RiSparklingLine-C4Dl7we0.js                         1.16 kB │ gzip:   0.62 kB
dist/assets/TrustFAQScreen-5dD8lEHT.js                          1.45 kB │ gzip:   0.78 kB
dist/assets/useAccountQueries-D1IZwaBv.js                       1.52 kB │ gzip:   0.71 kB
dist/assets/index-CLwaheLH.js                                   1.53 kB │ gzip:   0.78 kB
dist/assets/RiShieldCheckLine-DogV7gnn.js                       1.58 kB │ gzip:   0.88 kB
dist/assets/DeleteAccountScreen-DswbVVJP.js                     1.85 kB │ gzip:   0.84 kB
dist/assets/TrustRulesScreen-NWW_2QBm.js                        1.89 kB │ gzip:   1.00 kB
dist/assets/SearchSettingsScreen-FbeVXf6j.js                    2.19 kB │ gzip:   1.00 kB
dist/assets/useMutation-CjNw_zbY.js                             2.31 kB │ gzip:   0.94 kB
dist/assets/Haptics-Bi8cF_Aj.js                                 2.32 kB │ gzip:   1.06 kB
dist/assets/HelpSupportScreen-B-ofP_id.js                       2.36 kB │ gzip:   0.87 kB
dist/assets/ConnectedAppsScreen-DVwsgHHU.js                     2.71 kB │ gzip:   1.37 kB
dist/assets/Accordion-BirTj-fI.js                               2.97 kB │ gzip:   1.38 kB
dist/assets/NotificationsScreen-wi_oUs-b.js                     2.99 kB │ gzip:   1.14 kB
dist/assets/EditProfileScreen-DNAJZH8D.js                       2.99 kB │ gzip:   1.14 kB
dist/assets/index-G7c_bjP-.js                                   3.05 kB │ gzip:   1.32 kB
dist/assets/SettingsList-BMLIeR_v.js                            3.06 kB │ gzip:   1.35 kB
dist/assets/LanguageSelectorScreen-BIPinG7s.js                  3.10 kB │ gzip:   1.48 kB
dist/assets/PreferencesScreen-C2-nNXEH.js                       3.26 kB │ gzip:   1.39 kB
dist/assets/HistoryViewScreen-CSRJWF99.js                       3.38 kB │ gzip:   1.35 kB
dist/assets/useAccountMutations-DhPkBzW9.js                     3.38 kB │ gzip:   0.95 kB
dist/assets/TrustAboutScreen-BMaYqH9b.js                        3.58 kB │ gzip:   1.55 kB
dist/assets/LearnMoreUsernamesScreen-B6XEgIPk.js                3.62 kB │ gzip:   1.58 kB
dist/assets/Card-D_VehcOB.js                                    3.73 kB │ gzip:   1.63 kB
dist/assets/TrustLeaderboardScreen-BCLfMp4N.js                  3.77 kB │ gzip:   1.65 kB
dist/assets/DomainsScreen-D9rZ2ljM.js                           3.78 kB │ gzip:   1.45 kB
dist/assets/TrustCenterScreen-Dupcal-l.js                       3.79 kB │ gzip:   1.59 kB
dist/assets/LegalDocumentsScreen-DFK8YxiP.js                    3.87 kB │ gzip:   1.30 kB
dist/assets/ChangeAvatarScreen-DSbwOZ_0.js                      4.15 kB │ gzip:   1.76 kB
dist/assets/AccountSettingsScreen-1iRmBWEV.js                   5.26 kB │ gzip:   2.14 kB
dist/assets/AccountVerificationScreen-BxOMtgx5.js               6.40 kB │ gzip:   2.66 kB
dist/assets/CreateAccountScreen-DgmRM6ga.js                     6.54 kB │ gzip:   2.52 kB
dist/assets/ImagePicker-DnlaJ50K.js                             7.44 kB │ gzip:   2.89 kB
dist/assets/WelcomeNewUserScreen-CciDubHs.js                    7.83 kB │ gzip:   2.84 kB
dist/assets/ProfileScreen-Bi8CaJrQ.js                           7.99 kB │ gzip:   2.89 kB
dist/assets/WebBrowser-B3cQ6Zio.js                              8.22 kB │ gzip:   3.24 kB
dist/assets/TrustRewardsScreen-dchbPdxF.js                      8.80 kB │ gzip:   2.74 kB
dist/assets/index-B-hevrE-.js                                   8.84 kB │ gzip:   2.65 kB
dist/assets/index-B-3mNzDM.js                                   8.92 kB │ gzip:   3.35 kB
dist/assets/AccountMembersScreen-B5UoRQSm.js                    9.16 kB │ gzip:   2.87 kB
dist/assets/AppInfoScreen-Dsq_7sHQ.js                           9.61 kB │ gzip:   3.47 kB
dist/assets/ChipRow-BhGqIOys.js                                10.06 kB │ gzip:   4.27 kB
dist/assets/PrivacySettingsScreen-Dpk8wkEX.js                  10.35 kB │ gzip:   2.75 kB
dist/assets/UserListScreen-DvIzCZWJ.js                         11.31 kB │ gzip:   4.56 kB
dist/assets/zh-CN-Bu0Jc3XL.js                                  11.87 kB │ gzip:   4.99 kB
dist/assets/it-IT-BfK6yGiC.js                                  12.62 kB │ gzip:   4.62 kB
dist/assets/AvatarCropScreen-DaWxpDm3.js                       12.77 kB │ gzip:   4.94 kB
dist/assets/ca-ES-BGTBLzgX.js                                  12.93 kB │ gzip:   4.68 kB
dist/assets/pt-PT-BCGT_CGY.js                                  13.04 kB │ gzip:   4.65 kB
dist/assets/de-DE-B5Zro_ay.js                                  13.40 kB │ gzip:   4.88 kB
dist/assets/fr-FR-BIDMo6MC.js                                  13.73 kB │ gzip:   4.86 kB
dist/assets/ko-KR-DD1rzDkZ.js                                  13.83 kB │ gzip:   4.91 kB
dist/assets/ja-JP-B4jKxxqQ.js                                  15.93 kB │ gzip:   5.11 kB
dist/assets/ar-SA-DPmE_AU4.js                                  16.10 kB │ gzip:   5.16 kB
dist/assets/ManageAccountScreen-U9JGngHB.js                    18.55 kB │ gzip:   5.68 kB
dist/assets/validationUtils-CKwkrDlc.js                        21.17 kB │ gzip:   5.60 kB
dist/assets/FollowButton-9wuZLkqU.js                           21.22 kB │ gzip:   8.02 kB
dist/assets/recoveryPhrase-CIJhUp3e.js                         21.99 kB │ gzip:  10.13 kB
dist/assets/EditProfileFieldScreen-BNaChauz.js                 22.97 kB │ gzip:   8.00 kB
dist/assets/PaymentGatewayScreen-C6Er2tEz.js                   23.24 kB │ gzip:   5.85 kB
dist/assets/internal-mkKZmj1F.js                               41.39 kB │ gzip:  14.21 kB
dist/assets/index-BYSZ-_0V.js                                  42.48 kB │ gzip:  13.29 kB
dist/assets/OxyAccountDialogScreen-Bh4u4XOK.js                 52.01 kB │ gzip:  19.41 kB
dist/assets/zh-Bpt_vLzR.js                                     57.48 kB │ gzip:  24.33 kB
dist/assets/id-6S0Hnv3z.js                                     60.54 kB │ gzip:  22.55 kB
dist/assets/tr-IqHfxzgQ.js                                     62.45 kB │ gzip:  23.95 kB
dist/assets/it-CBv4nfmv.js                                     64.61 kB │ gzip:  23.74 kB
dist/assets/pt-CwxzdnNG.js                                     64.75 kB │ gzip:  23.95 kB
dist/assets/de-D3G9jc_k.js                                     64.88 kB │ gzip:  24.24 kB
dist/assets/ca-TVpqRE21.js                                     64.99 kB │ gzip:  24.14 kB
dist/assets/es-CxQHtDW1.js                                     65.20 kB │ gzip:  24.08 kB
dist/assets/es-ES-Dr8IGRiM.js                                  65.38 kB │ gzip:  20.58 kB
dist/assets/fr-CCmhzkBu.js                                     67.09 kB │ gzip:  24.65 kB
dist/assets/ja-CmSZ3COC.js                                     68.80 kB │ gzip:  25.77 kB
dist/assets/FileManagementScreen-5NHM83RI.js                   81.67 kB │ gzip:  25.97 kB
dist/assets/ar-Dt4OZmMn.js                                     85.65 kB │ gzip:  27.48 kB
dist/assets/ru-BoSO6wGd.js                                     92.25 kB │ gzip:  28.86 kB
dist/assets/hi-D2RO9TaL.js                                    102.84 kB │ gzip:  27.85 kB
dist/assets/bn-DkqU7CxJ.js                                    105.00 kB │ gzip:  27.47 kB
dist/assets/index-Dc5bKe2F.js                               2,139.08 kB │ gzip: 605.92 kB

(!) Some chunks are larger than 500 kB after minification. Consider:
- Using dynamic import() to code-split the application
- Use build.rollupOptions.output.manualChunks to improve chunking: https://rollupjs.org/configuration-options/#output-manualchunks
- Adjust chunk size limit for this warning via build.chunkSizeWarningLimit.
✓ built in 5.71s
