$ tsc -b && vite build
vite v7.3.3 building client environment for production...
transforming...
[plugin vite:resolve] Module "node:crypto" has been externalized for browser compatibility, imported by "/home/nate/Oxy/examples/.worktrees/1519-final-registry-20261004/vite-react-oxy/node_modules/@oxy.so/protocol/dist/esm/platform/crypto.js". See https://vite.dev/guide/troubleshooting.html#module-externalized-for-browser-compatibility for more details.
✓ 2105 modules transformed.
node_modules/expo-modules-core/src/uuid/index.web.ts (13:24): Use of eval in "node_modules/expo-modules-core/src/uuid/index.web.ts" is strongly discouraged as it poses security risks and may cause issues with minification.
rendering chunks...
computing gzip size...
dist/index.html                                                 0.42 kB │ gzip:   0.29 kB
dist/assets/OxyServicesMaterialCommunityIcons-DVHLYwp4.ttf     28.85 kB
dist/assets/JetBrainsMono-Variable-B9CIFXIH.woff2              40.40 kB
dist/assets/OxyServicesIonicons-B1hZ8Dc8.ttf                   43.00 kB
dist/assets/slide-4-DSNFt0xP.jpg                               46.64 kB
dist/assets/InterVariable-Dx4kXJAl.woff2                       48.26 kB
dist/assets/slide-3-Bp5gr1Be.jpg                               59.19 kB
dist/assets/BlomusModernus-Bold-0E_Y-ihB.woff2                 77.61 kB
dist/assets/BlomusModernus-Regular-kZR3rHS0.woff2              77.64 kB
dist/assets/slide-2-BAN8I4Iy.jpg                               87.91 kB
dist/assets/slide-1-CPYeLD4l.jpg                              102.17 kB
dist/assets/index-DYHynj3q.css                                  1.49 kB │ gzip:   0.71 kB
dist/assets/__vite-browser-external-BIHI7g3E.js                 0.03 kB │ gzip:   0.05 kB
dist/assets/SharedRef-sjBLPq_a.js                               0.05 kB │ gzip:   0.07 kB
dist/assets/trustTierLabels-ClLo2ff8.js                         0.13 kB │ gzip:   0.13 kB
dist/assets/Ionicons-Df9-jKsq.js                                0.17 kB │ gzip:   0.15 kB
dist/assets/LinkCommonsScreen-CXzUNO19.js                       0.18 kB │ gzip:   0.16 kB
dist/assets/SignInAuthenticatorScreen-Cu4Z9A3O.js               0.18 kB │ gzip:   0.16 kB
dist/assets/SurfaceHeaderAction-DPIceXSm.js                     0.18 kB │ gzip:   0.15 kB
dist/assets/SignInPasswordScreen-DWwpepeu.js                    0.22 kB │ gzip:   0.19 kB
dist/assets/AccountSecurityPanelScreen-BW5VTGfX.js              0.22 kB │ gzip:   0.19 kB
dist/assets/FollowersListScreen-ClbjbENK.js                     0.29 kB │ gzip:   0.23 kB
dist/assets/FollowingListScreen-Cxte6JXd.js                     0.29 kB │ gzip:   0.23 kB
dist/assets/version-Bczodc9Z.js                                 0.33 kB │ gzip:   0.24 kB
dist/assets/useReduceMotion-DJnuv65a.js                         0.38 kB │ gzip:   0.29 kB
dist/assets/SettingsIcon-Bv0_HSLI.js                            0.43 kB │ gzip:   0.32 kB
dist/assets/RiListUnordered-CQxEDuoi.js                         0.51 kB │ gzip:   0.28 kB
dist/assets/mutationKeys-DPMK5XXq.js                            0.53 kB │ gzip:   0.20 kB
dist/assets/useServicesQueries-DfNEmRj_.js                      0.59 kB │ gzip:   0.35 kB
dist/assets/useSettingToggle-Dhyd9pPT.js                        0.66 kB │ gzip:   0.45 kB
dist/assets/colorUtils-TKs8VHfH.js                              0.78 kB │ gzip:   0.25 kB
dist/assets/UserLinksScreen-Bw3xA7yG.js                         0.84 kB │ gzip:   0.50 kB
dist/assets/plural-BqYb_7jL.js                                  0.88 kB │ gzip:   0.52 kB
dist/assets/ProfileSummaryCard-Batheg37.js                      0.95 kB │ gzip:   0.56 kB
dist/assets/message-helpers-LuqNVoon.js                         0.97 kB │ gzip:   0.51 kB
dist/assets/AvatarCameraBadge-BXt-BEfH.js                       1.09 kB │ gzip:   0.67 kB
dist/assets/RiSparklingLine-BN8IwVKB.js                         1.16 kB │ gzip:   0.62 kB
dist/assets/TrustFAQScreen-BrmXaiZj.js                          1.45 kB │ gzip:   0.78 kB
dist/assets/useAccountQueries-B6azZ0WP.js                       1.52 kB │ gzip:   0.71 kB
dist/assets/index-DKwxh-kS.js                                   1.53 kB │ gzip:   0.78 kB
dist/assets/RiShieldCheckLine-BrES0h8S.js                       1.58 kB │ gzip:   0.87 kB
dist/assets/DeleteAccountScreen-Dg8g0AfO.js                     1.85 kB │ gzip:   0.84 kB
dist/assets/TrustRulesScreen-BZeITeiU.js                        1.89 kB │ gzip:   1.00 kB
dist/assets/SearchSettingsScreen-BZT31lTn.js                    2.19 kB │ gzip:   1.00 kB
dist/assets/useMutation-CsNExcms.js                             2.31 kB │ gzip:   0.94 kB
dist/assets/Haptics-Cob2vJ0B.js                                 2.32 kB │ gzip:   1.06 kB
dist/assets/HelpSupportScreen-DrYpLRnb.js                       2.36 kB │ gzip:   0.87 kB
dist/assets/ConnectedAppsScreen-BZnBDD__.js                     2.71 kB │ gzip:   1.37 kB
dist/assets/Accordion-ChQDIPJE.js                               2.97 kB │ gzip:   1.38 kB
dist/assets/NotificationsScreen-CYFsBdhi.js                     2.99 kB │ gzip:   1.14 kB
dist/assets/EditProfileScreen-CrkVPyoI.js                       2.99 kB │ gzip:   1.13 kB
dist/assets/index-DRCL_hP-.js                                   3.05 kB │ gzip:   1.31 kB
dist/assets/SettingsList-CaSHhZDa.js                            3.06 kB │ gzip:   1.36 kB
dist/assets/LanguageSelectorScreen-BpEI4l5i.js                  3.10 kB │ gzip:   1.48 kB
dist/assets/PreferencesScreen-NsQXO5uE.js                       3.26 kB │ gzip:   1.39 kB
dist/assets/HistoryViewScreen-xhcRcE6J.js                       3.38 kB │ gzip:   1.35 kB
dist/assets/useAccountMutations-BiDHbw_j.js                     3.38 kB │ gzip:   0.94 kB
dist/assets/TrustAboutScreen-CYhOtUHt.js                        3.58 kB │ gzip:   1.55 kB
dist/assets/LearnMoreUsernamesScreen-BJPlGMVJ.js                3.62 kB │ gzip:   1.59 kB
dist/assets/Card-Dn4wOV6C.js                                    3.73 kB │ gzip:   1.63 kB
dist/assets/TrustLeaderboardScreen-BKcVdZv9.js                  3.77 kB │ gzip:   1.65 kB
dist/assets/DomainsScreen-D3DEsHIS.js                           3.78 kB │ gzip:   1.45 kB
dist/assets/TrustCenterScreen-DBzb7D5P.js                       3.79 kB │ gzip:   1.59 kB
dist/assets/LegalDocumentsScreen-DD486lSo.js                    3.87 kB │ gzip:   1.30 kB
dist/assets/ChangeAvatarScreen-BLfm6N6f.js                      4.15 kB │ gzip:   1.76 kB
dist/assets/AccountSettingsScreen-BB2WMgfG.js                   5.26 kB │ gzip:   2.14 kB
dist/assets/AccountVerificationScreen-Bi3Hrx6M.js               6.40 kB │ gzip:   2.66 kB
dist/assets/CreateAccountScreen-QdAIUfcy.js                     6.54 kB │ gzip:   2.52 kB
dist/assets/ImagePicker-1oimr1w7.js                             7.44 kB │ gzip:   2.89 kB
dist/assets/WelcomeNewUserScreen-BbbadTNo.js                    7.83 kB │ gzip:   2.84 kB
dist/assets/ProfileScreen-DH2NQuT4.js                           7.99 kB │ gzip:   2.89 kB
dist/assets/WebBrowser-CLkc7PRU.js                              8.22 kB │ gzip:   3.24 kB
dist/assets/TrustRewardsScreen-C7pZFiPQ.js                      8.80 kB │ gzip:   2.74 kB
dist/assets/index-DDWBqsYB.js                                   8.84 kB │ gzip:   2.65 kB
dist/assets/index-DS0CD50d.js                                   8.92 kB │ gzip:   3.34 kB
dist/assets/AccountMembersScreen-LM6CjCrM.js                    9.16 kB │ gzip:   2.87 kB
dist/assets/AppInfoScreen-DEXvITim.js                           9.61 kB │ gzip:   3.47 kB
dist/assets/ChipRow-DEUVsOPS.js                                10.06 kB │ gzip:   4.27 kB
dist/assets/PrivacySettingsScreen-DnplPy6v.js                  10.35 kB │ gzip:   2.75 kB
dist/assets/UserListScreen-D_aOSrgK.js                         11.31 kB │ gzip:   4.56 kB
dist/assets/zh-CN-Bu0Jc3XL.js                                  11.87 kB │ gzip:   4.99 kB
dist/assets/it-IT-BfK6yGiC.js                                  12.62 kB │ gzip:   4.62 kB
dist/assets/AvatarCropScreen-Ddg8Z6qz.js                       12.77 kB │ gzip:   4.94 kB
dist/assets/ca-ES-BGTBLzgX.js                                  12.93 kB │ gzip:   4.68 kB
dist/assets/pt-PT-BCGT_CGY.js                                  13.04 kB │ gzip:   4.65 kB
dist/assets/de-DE-B5Zro_ay.js                                  13.40 kB │ gzip:   4.88 kB
dist/assets/fr-FR-BIDMo6MC.js                                  13.73 kB │ gzip:   4.86 kB
dist/assets/ko-KR-DD1rzDkZ.js                                  13.83 kB │ gzip:   4.91 kB
dist/assets/ja-JP-B4jKxxqQ.js                                  15.93 kB │ gzip:   5.11 kB
dist/assets/ar-SA-DPmE_AU4.js                                  16.10 kB │ gzip:   5.16 kB
dist/assets/ManageAccountScreen-CYj7K6qB.js                    18.55 kB │ gzip:   5.67 kB
dist/assets/validationUtils-CKwkrDlc.js                        21.17 kB │ gzip:   5.60 kB
dist/assets/FollowButton-C_W0Myzo.js                           21.22 kB │ gzip:   8.02 kB
dist/assets/recoveryPhrase-COSA8gXS.js                         21.99 kB │ gzip:  10.13 kB
dist/assets/EditProfileFieldScreen-BukuigiA.js                 22.97 kB │ gzip:   7.99 kB
dist/assets/PaymentGatewayScreen-0t8ml4vZ.js                   23.24 kB │ gzip:   5.84 kB
dist/assets/internal-uP4e-xX9.js                               41.39 kB │ gzip:  14.21 kB
dist/assets/index-BYSZ-_0V.js                                  42.48 kB │ gzip:  13.29 kB
dist/assets/OxyAccountDialogScreen-CPZp---E.js                 52.01 kB │ gzip:  19.41 kB
dist/assets/zh-BYxZpq_d.js                                     57.48 kB │ gzip:  24.33 kB
dist/assets/id-CaBj268C.js                                     60.54 kB │ gzip:  22.55 kB
dist/assets/tr-DPuMKnxT.js                                     62.45 kB │ gzip:  23.95 kB
dist/assets/it-D0xIVYYo.js                                     64.61 kB │ gzip:  23.74 kB
dist/assets/pt-D5LdnkLg.js                                     64.75 kB │ gzip:  23.95 kB
dist/assets/de-C9TJ9US3.js                                     64.88 kB │ gzip:  24.24 kB
dist/assets/ca-Dwu-XFkj.js                                     64.99 kB │ gzip:  24.14 kB
dist/assets/es-BXF2iwoD.js                                     65.20 kB │ gzip:  24.08 kB
dist/assets/es-ES-Dr8IGRiM.js                                  65.38 kB │ gzip:  20.58 kB
dist/assets/fr-CZGXzMNw.js                                     67.09 kB │ gzip:  24.65 kB
dist/assets/ja-Ct3aYkiC.js                                     68.80 kB │ gzip:  25.77 kB
dist/assets/FileManagementScreen-D_TJjM8A.js                   81.67 kB │ gzip:  25.97 kB
dist/assets/ar-U1RKWAGg.js                                     85.65 kB │ gzip:  27.48 kB
dist/assets/ru-DauQ9sRq.js                                     92.25 kB │ gzip:  28.86 kB
dist/assets/hi-D0wIcB7D.js                                    102.84 kB │ gzip:  27.85 kB
dist/assets/bn-BbrzCVaK.js                                    105.00 kB │ gzip:  27.47 kB
dist/assets/index-D5svQxEa.js                               2,139.03 kB │ gzip: 605.90 kB

(!) Some chunks are larger than 500 kB after minification. Consider:
- Using dynamic import() to code-split the application
- Use build.rollupOptions.output.manualChunks to improve chunking: https://rollupjs.org/configuration-options/#output-manualchunks
- Adjust chunk size limit for this warning via build.chunkSizeWarningLimit.
✓ built in 5.19s
